2025-10-26 15:36:57, MOVE, v:1, k:poo@tamagotchi, mode:PICK
2025-10-26 15:36:59, EXEC, v:1, k:poo@tamagotchi, mode:FREE, size:144
2025-10-26 15:40:30, EXEC, v:1, k:poo@tamagotchi, mode:FULL, rate:0, size:150
2025-10-26 15:40:57, EXEC, v:1, k:poo@tamagotchi, mode:FULL, rate:12, size:150
2025-10-26 15:42:24, EXEC, v:1, k:poo@tamagotchi, mode:FULL, rate:75, size:159
2025-10-26 15:43:57, EXEC, v:1, k:poo@tamagotchi, mode:FULL, rate:87, size:167
2025-10-26 15:48:04, EXEC, v:1, k:poo@tamagotchi, mode:FULL, rate:100, size:169
2025-10-26 15:48:22, MOVE, v:1, k:poo@tamagotchi, mode:BACK
2025-10-26 15:49:17, MOVE, v:1, k:poo@motouber, mode:DOWN
2025-10-26 17:03:48, MOVE, v:1, k:poo@motouber, mode:PICK
2025-10-26 17:03:50, EXEC, v:1, k:poo@motouber, mode:FREE, size:102
2025-10-26 17:29:03, EXEC, v:1, k:poo@motouber, mode:FULL, rate:87, size:154
2025-10-26 17:31:36, EXEC, v:1, k:poo@motouber, mode:FULL, rate:100, size:155
2025-10-26 17:31:40, MOVE, v:1, k:poo@motouber, mode:BACK
2025-10-26 17:32:14, SELF, v:1, k:poo@tamagotchi, rate:100, other:sim, alone:9, study:120
2025-10-26 17:32:38, SELF, v:1, k:poo@motouber, rate:100, alone:10, study:90
2025-10-26 19:20:12, MOVE, v:1, k:poo@grafite, mode:DOWN
2025-10-26 19:44:12, MOVE, v:1, k:poo@grafite, mode:PICK
2025-10-26 19:44:14, EXEC, v:1, k:poo@grafite, mode:FREE, size:72
2025-10-26 19:44:41, EXEC, v:1, k:poo@grafite, mode:FREE, size:72
2025-10-26 20:23:41, EXEC, v:1, k:poo@grafite, mode:FULL, rate:0, size:181
2025-10-26 20:24:05, EXEC, v:1, k:poo@grafite, mode:FULL, rate:10, size:184
2025-10-26 20:25:44, EXEC, v:1, k:poo@grafite, mode:FULL, rate:70, size:184
2025-10-26 20:27:07, EXEC, v:1, k:poo@grafite, mode:FULL, rate:70, size:184
2025-10-26 20:27:20, EXEC, v:1, k:poo@grafite, mode:FREE
2025-10-26 20:30:40, MOVE, v:1, k:poo@grafite, mode:BACK
2025-10-26 20:30:41, MOVE, v:1, k:poo@grafite, mode:PICK
2025-10-26 20:30:42, MOVE, v:1, k:poo@grafite, mode:BACK
